// Jest Snapshot v1, https://goo.gl/fbAQLP

exports[`renders correctly 1`] = `
<View
  style={
    Object {
      "alignItems": "flex-start",
      "flex": 1,
      "flexDirection": "row",
      "justifyContent": "space-between",
      "opacity": 0.8,
      "paddingHorizontal": 3,
      "paddingVertical": 3,
      "width": 750,
    }
  }
>
  <View
    accessible={true}
    focusable={true}
    onClick={[Function]}
    onResponderGrant={[Function]}
    onResponderMove={[Function]}
    onResponderRelease={[Function]}
    onResponderTerminate={[Function]}
    onResponderTerminationRequest={[Function]}
    onStartShouldSetResponder={[Function]}
    style={
      Object {
        "opacity": 1,
      }
    }
  >
    <Image
      source={
        Object {
          "testUri": "../../../src/icons/menu.png",
        }
      }
      style={
        Object {
          "height": 30,
          "width": 30,
        }
      }
    />
  </View>
  <TextInput
    allowFontScaling={true}
    placeholder="Поиск"
    rejectResponderTermination={true}
    style={
      Object {
        "borderWidth": 2,
        "height": 30,
        "marginHorizontal": 5,
        "paddingLeft": 4,
        "width": 670,
      }
    }
    underlineColorAndroid="transparent"
  />
  <View
    accessible={true}
    focusable={true}
    onClick={[Function]}
    onResponderGrant={[Function]}
    onResponderMove={[Function]}
    onResponderRelease={[Function]}
    onResponderTerminate={[Function]}
    onResponderTerminationRequest={[Function]}
    onStartShouldSetResponder={[Function]}
    style={
      Object {
        "opacity": 1,
      }
    }
  >
    <Image
      source={
        Object {
          "testUri": "../../../src/icons/filter.png",
        }
      }
      style={
        Object {
          "height": 30,
          "width": 30,
        }
      }
    />
  </View>
</View>
`;
