// Jest Snapshot v1, https://goo.gl/fbAQLP

exports[`renders correctly 1`] = `
<View
  style={
    Object {
      "alignItems": "center",
      "backgroundColor": "white",
      "flexDirection": "row",
      "justifyContent": "space-between",
      "padding": 5,
    }
  }
>
  <Text
    style={
      Object {
        "fontSize": 18,
        "fontWeight": "600",
      }
    }
  >
     
    test title
      
  </Text>
  <TextInput
    allowFontScaling={true}
    rejectResponderTermination={true}
    style={
      Object {
        "backgroundColor": "white",
        "borderColor": "#f0f0f0",
        "borderWidth": 2,
        "color": "black",
        "fontSize": 18,
        "fontWeight": "600",
        "height": 50,
        "textAlign": "center",
        "textAlignVertical": "center",
        "width": 443.7869822485207,
      }
    }
    underlineColorAndroid="transparent"
  />
</View>
`;
